I'm sorry, but errors were detected in your script. Please correct the
errors listed below, and try again.


File "game/01creator_screen.rpy", line 5: python block expects a non-empty block.
    python early:
                 ^

Ren'Py Version: Ren'Py 7.4.6.1693
Tue Jun 15 10:43:13 2021
